[2026-09-22T12:28:32.992Z] pid=65748 script loaded; waiting for Engine.dll / Core.dll
[2026-09-22T12:28:35.089Z] pid=65748 module Engine.dll appeared, base=0x3050000
[2026-09-22T12:28:35.089Z] pid=65748 script loaded, Engine.dll base=0x3050000 Core.dll base=0x10100000 ProcessRemoteFunction+late@0x3273564 (post early-return branch, see file header)
[2026-09-22T12:28:40.235Z] pid=65748 window_ms=5146 calls=0 ServerFire=0 ClientFire=0 unresolved=0 distinct_names=0
[2026-09-22T12:28:45.417Z] pid=65748 window_ms=5182 calls=0 ServerFire=0 ClientFire=0 unresolved=0 distinct_names=0
[2026-09-22T12:28:50.571Z] pid=65748 window_ms=5154 calls=0 ServerFire=0 ClientFire=0 unresolved=0 distinct_names=0
[2026-09-22T12:28:55.571Z] pid=65748 window_ms=5000 calls=0 ServerFire=0 ClientFire=0 unresolved=0 distinct_names=0
[2026-09-22T12:29:00.572Z] pid=65748 window_ms=5001 calls=0 ServerFire=0 ClientFire=0 unresolved=0 distinct_names=0
[2026-09-22T12:29:05.572Z] pid=65748 window_ms=5000 calls=0 ServerFire=0 ClientFire=0 unresolved=0 distinct_names=0
[2026-09-22T12:29:10.763Z] pid=65748 window_ms=5191 calls=0 ServerFire=0 ClientFire=0 unresolved=0 distinct_names=0
[2026-09-22T12:29:15.764Z] pid=65748 window_ms=5001 calls=0 ServerFire=0 ClientFire=0 unresolved=0 distinct_names=0
[2026-09-22T12:29:20.764Z] pid=65748 window_ms=5000 calls=0 ServerFire=0 ClientFire=0 unresolved=0 distinct_names=0
[2026-09-22T12:29:25.765Z] pid=65748 window_ms=5001 calls=0 ServerFire=0 ClientFire=0 unresolved=0 distinct_names=0
[2026-09-22T12:29:30.765Z] pid=65748 window_ms=5000 calls=0 ServerFire=0 ClientFire=0 unresolved=0 distinct_names=0
[2026-09-22T12:29:35.766Z] pid=65748 window_ms=5001 calls=0 ServerFire=0 ClientFire=0 unresolved=0 distinct_names=0
[2026-09-22T12:29:40.766Z] pid=65748 window_ms=5000 calls=0 ServerFire=0 ClientFire=0 unresolved=0 distinct_names=0
[2026-09-22T12:29:45.767Z] pid=65748 window_ms=5001 calls=0 ServerFire=0 ClientFire=0 unresolved=0 distinct_names=0
[2026-09-22T12:29:50.767Z] pid=65748 window_ms=5000 calls=0 ServerFire=0 ClientFire=0 unresolved=0 distinct_names=0
[2026-09-22T12:29:55.769Z] pid=65748 window_ms=4995 calls=0 ServerFire=0 ClientFire=0 unresolved=0 distinct_names=0
[2026-09-22T12:30:00.770Z] pid=65748 window_ms=5001 calls=0 ServerFire=0 ClientFire=0 unresolved=0 distinct_names=0
[2026-09-22T12:30:05.771Z] pid=65748 window_ms=5001 calls=0 ServerFire=0 ClientFire=0 unresolved=0 distinct_names=0
[2026-09-22T12:30:10.772Z] pid=65748 window_ms=5001 calls=0 ServerFire=0 ClientFire=0 unresolved=0 distinct_names=0
[2026-09-22T12:30:15.773Z] pid=65748 window_ms=5001 calls=0 ServerFire=0 ClientFire=0 unresolved=0 distinct_names=0
[2026-09-22T12:30:20.773Z] pid=65748 window_ms=5000 calls=0 ServerFire=0 ClientFire=0 unresolved=0 distinct_names=0
[2026-09-22T12:30:25.773Z] pid=65748 window_ms=5000 calls=0 ServerFire=0 ClientFire=0 unresolved=0 distinct_names=0
[2026-09-22T12:30:30.774Z] pid=65748 window_ms=5001 calls=0 ServerFire=0 ClientFire=0 unresolved=0 distinct_names=0
[2026-09-22T12:30:35.923Z] pid=65748 window_ms=5149 calls=0 ServerFire=0 ClientFire=0 unresolved=0 distinct_names=0
[2026-09-22T12:30:41.107Z] pid=65748 window_ms=5183 calls=0 ServerFire=0 ClientFire=0 unresolved=0 distinct_names=0
[2026-09-22T12:30:46.108Z] pid=65748 window_ms=5001 calls=0 ServerFire=0 ClientFire=0 unresolved=0 distinct_names=0
[2026-09-22T12:30:51.109Z] pid=65748 window_ms=5001 calls=0 ServerFire=0 ClientFire=0 unresolved=0 distinct_names=0
[2026-09-22T12:30:56.110Z] pid=65748 window_ms=5001 calls=0 ServerFire=0 ClientFire=0 unresolved=0 distinct_names=0
[2026-09-22T12:31:01.111Z] pid=65748 window_ms=5001 calls=0 ServerFire=0 ClientFire=0 unresolved=0 distinct_names=0
[2026-09-22T12:31:06.111Z] pid=65748 window_ms=5000 calls=0 ServerFire=0 ClientFire=0 unresolved=0 distinct_names=0
[2026-09-22T12:31:11.111Z] pid=65748 window_ms=5000 calls=0 ServerFire=0 ClientFire=0 unresolved=0 distinct_names=0
[2026-09-22T12:31:16.111Z] pid=65748 window_ms=5000 calls=0 ServerFire=0 ClientFire=0 unresolved=0 distinct_names=0
[2026-09-22T12:31:21.112Z] pid=65748 window_ms=5001 calls=0 ServerFire=0 ClientFire=0 unresolved=0 distinct_names=0
[2026-09-22T12:31:26.112Z] pid=65748 window_ms=5000 calls=0 ServerFire=0 ClientFire=0 unresolved=0 distinct_names=0
[2026-09-22T12:31:31.113Z] pid=65748 window_ms=5001 calls=0 ServerFire=0 ClientFire=0 unresolved=0 distinct_names=0
[2026-09-22T12:31:36.290Z] pid=65748 window_ms=5177 calls=1 ServerFire=0 ClientFire=0 unresolved=0 distinct_names=1
  census ServerSetClassicTrans=1
[2026-09-22T12:31:41.450Z] pid=65748 window_ms=5160 calls=0 ServerFire=0 ClientFire=0 unresolved=0 distinct_names=0
[2026-09-22T12:31:46.451Z] pid=65748 window_ms=5001 calls=0 ServerFire=0 ClientFire=0 unresolved=0 distinct_names=0
[2026-09-22T12:31:51.452Z] pid=65748 window_ms=5001 calls=0 ServerFire=0 ClientFire=0 unresolved=0 distinct_names=0
[2026-09-22T12:31:56.452Z] pid=65748 window_ms=5000 calls=0 ServerFire=0 ClientFire=0 unresolved=0 distinct_names=0
[2026-09-22T12:32:01.452Z] pid=65748 window_ms=5000 calls=0 ServerFire=0 ClientFire=0 unresolved=0 distinct_names=0
[2026-09-22T12:32:06.452Z] pid=65748 window_ms=5000 calls=0 ServerFire=0 ClientFire=0 unresolved=0 distinct_names=0
