Log: Log file open, 09/22/26 19:07:48
Init: Name subsystem initialized
Init: Detected: Microsoft Windows NT 6.2 (Build: 9200)
Init: Version: 3369 (134.29)
Init: Compiled: Nov  8 2010 20:59:51
Init: Command line:  -globalid=TW&ip=127.0.0.1&port=9211&age=30 -log=run-190747.55.log
Init: Character set: Unicode
Init: Base directory: C:\Games\MetalRage Online\data\System\
Init: Ini:MetalRage.ini   UserIni:User.ini
Init: Build label:  Build MR_Build_[2009-12-10_09.30]
Init: Object subsystem initialized
Log: Default_Set_Initialize_MH : C:\Games\MetalRage Online\data\System\MetalRage.exe
Log: 	nvldumd.dll/NVIDIA GeForce RTX 4080
Log: 	nvldumd.dll/NVIDIA GeForce RTX 4080
Log: Game class is 'GameInfo'
Log: Bringing Level Entry.myLevel up for play (0) appSeconds: 4.470000...
ScriptLog: GameInfo::InitGame : bEnableStatLogging False
Log: Browse: NoIntro.tzp
Log: SetFlag_BD
Log: ClearFlag_BD
Log: PurgeGarbage_BD
Log: Collecting garbage
Log: Purging garbage
Log: GDebuggr NotifyGC
Log: DispatchDestroys
Log: DeleteGarbage
Log: DeleteName
Log: Garbage: objects: 18455->18455; refs: 155833
Log: CollectGarbage_BD
Warning: Missing FinalBlend FinalBlend CYEffect.dust.Debris1_Final
Log: Game class is 'CinematicGameInfo'
Log: Bringing Level NoIntro.myLevel up for play (0) appSeconds: 4.690000...
ScriptLog: GameInfo::InitGame : bEnableStatLogging False
Log: Window Font Count=512
Log: Not Register Font:MingLiu
ScriptLog: Style already registered 'GUI2K4.STY2TextButton'
Log: ALAudio: Using DirectSound to record audio.
Log: Couden't FuncInputWndProc
Log: Opened viewport
Log: Enter SetRes: 1600x1200 Fullscreen 0
Log: Using back-buffer format 22(32-bit)
Log: Using depth-buffer format 77(32-bit)
Log: Creating device
Log: xD3D9Helper::Init (QuadEmulation)
Log: Unknown style requested Header
Log: Unknown style requested EditBox
Log: Unknown style requested CloseButton
Log: Startup time: 10.014000 seconds
Log: Precaching: NoIntro.LevelInfo0
Log: Static mesh batches: 0 vertex bytes, 0 index bytes
Log: Allocating 16384 byte dynamic index buffer.
Log: Register Font:Verdana
Log: Finished precaching geometry in 0.013 seconds
Log: Finished precaching textures in 0.000 seconds
Log: Enter SetRes: 1600x1200 Fullscreen 0
Log: Using back-buffer format 22(32-bit)
Log: Using depth-buffer format 77(32-bit)
Log: xD3D9Helper::Init (QuadEmulation)
Log: Browse: Index.tzp?disconnect
Log: ENTRY
Log: GP=FALSE
Log: Spawning new actor for Viewport WindowsViewport
Log: Browse: Store_01?Game=ZModeHangar.HangarGameInfo?Team=0
Warning: Missing MeshNormalShader MeshNormalShader ChibT02.IB02.IBT02B1
ScriptLog: Destroty Start: PlayerController
ScriptLog: AdminManager Destroy
ScriptLog: StopFeedBack Effect
ScriptLog: MyHud Destroy
ScriptLog: MyHud: HUD
ScriptLog: Pawn Destroy
ScriptLog: AnnouncerQueueManager Destroy
ScriptLog: FreeMoves Destroy
ScriptLog: SaveMoves Destroy
ScriptLog: PlayerSecurity Destroy
ScriptLog: PlayerSecurity: UnrealSecurity
ScriptLog: CheatManager Destroy
ScriptLog: Player Controller Destroyed Succes
Log: CelanAudio
Log: SetFlag_BD
Log: ClearFlag_BD
Log: PurgeGarbage_BD
Log: Collecting garbage
Log: Purging garbage
Log: GDebuggr NotifyGC
Log: DispatchDestroys
Log: DeleteGarbage
Log: DeleteName
Log: Garbage: objects: 42991->42831; refs: 451820
Log: CollectGarbage_BD
Log: SetViewPortAudioEntry_BD
Log: SetViewPortAudio_BD 1
Log: Game class is 'HangarGameInfo'
Log: Bringing Level Store_01.myLevel up for play (0) appSeconds: 11.861000...
Log: (Karma): Autodetecting CPU for SSE
Log: (Karma): Using SSE Optimizations
ScriptLog: GameInfo::InitGame : bEnableStatLogging False
ScriptLog: PRELoadAllMesh_BD
Log: Spawning new actor for Viewport WindowsViewport
Warning: NULL ': 
Warning: Material''None'
Log: Precaching: Store_01.LevelInfo0
Log: Static mesh batches: 3168 vertex bytes, 396 index bytes
Log: Finished precaching geometry in 0.014 seconds
Log: Allocating 65536 byte dynamic vertex buffer.
Log: Finished precaching textures in 0.069 seconds
ScriptLog: START MATCH
Log: Precaching: Store_01.LevelInfo0
Log: Allocating 65536 byte dynamic vertex buffer.
Log: Finished precaching geometry in 0.077 seconds
Log: Finished precaching textures in 0.032 seconds
Log: Allocating 74448 byte dynamic vertex buffer.
Log: Allocating 76896 byte dynamic vertex buffer.
Log: Allocating 78768 byte dynamic vertex buffer.
ScriptLog: [ ZPage_Room ][ GameStart ]  start <HOST_VPN_IP>:30907/Map_PC04?team=0
Log: URL: Adding default option Name=5
Log: Browse: <HOST_VPN_IP>/Map_PC04?team=0?Name=5
Log: Attemp Begin LoadMap
ScriptLog: Destroty Start: HangarPlayerController
ScriptLog: AdminManager Destroy
ScriptLog: StopFeedBack Effect
ScriptLog: MyHud Destroy
ScriptLog: MyHud: HangarHud
ScriptLog: Pawn Destroy
ScriptLog: AnnouncerQueueManager Destroy
ScriptLog: FreeMoves Destroy
ScriptLog: SaveMoves Destroy
ScriptLog: PlayerSecurity Destroy
ScriptLog: PlayerSecurity: UnrealSecurity
ScriptLog: CheatManager Destroy
ScriptLog: Player Controller Destroyed Succes
Log: NetMode now NM_Client
Log: CelanAudio
Log: SetFlag_BD
Log: ClearFlag_BD
Log: PurgeGarbage_BD
Log: Collecting garbage
Log: Purging garbage
Log: GDebuggr NotifyGC
Log: DispatchDestroys
Log: DeleteGarbage
Log: DeleteName
Log: Garbage: objects: 65116->53890; refs: 686967
Log: CollectGarbage_BD
Log: SetViewPortAudioEntry_BD
Log: SetViewPortAudio_BD 1
Log: Core
Log: Engine
Log: Fire
Log: Editor
Log: IpDrv
Log: GamePlay
Log: UnrealGame
Log: XGame
Log: ZNetwork
Log: ZEmiWeather
Log: ZBaseObject
Log: ZBase
Log: ZBaseMechanic
Log: ZBaseMRKit
Log: ZEvent
Log: ZVolume
Log: ZDynamicWeapon
Log: ZBaseWeapon
Log: ZDefineWeapon
Log: ZWeapon
Log: ZMechanic
Log: ZMechanicA
Log: ZAction
Log: ZGame
Log: ZModeBot
Log: ZModeCapture
Log: ZModeOccupation
Log: ZModeBlow
Log: ZModeSuddenDeath
Log: ZModeRage
Log: ZModePve
Log: ZModeEscortPve
Log: Bringing Level Map_PC04.myLevel up for play (90) appSeconds: 168.075000...
Log: (Karma): Autodetecting CPU for SSE
Log: (Karma): Using SSE Optimizations
Log: Spawning new actor for Viewport WindowsViewport
Log: Allocating 65536 byte dynamic vertex buffer.
ScriptLog: PRELoadAllMesh_BD
Log: NetMode now NM_Client
Log: Collecting garbage
Log: Purging garbage
Log: GDebuggr NotifyGC
Log: DispatchDestroys
Log: (Karma): Level Karma Terminated.
Log: DeleteGarbage
Log: DeleteName
Log: Garbage: objects: 60676->60259; refs: 724331
Log: ZSetCorePlayercontroller setplayer WindowsViewport
Log: Precaching: Map_PC04.LevelInfo0
Warning: NULL ': 
Warning: Class''None'
Warning: NULL ': 
Warning: Class''None'
Log: Static mesh batches: 78336 vertex bytes, 6780 index bytes
Log: Allocating 16384 byte dynamic index buffer.
Log: Allocating 509856 byte dynamic index buffer.
Log: Allocating 83664 byte dynamic vertex buffer.
Log: Finished precaching geometry in 0.260 seconds
Log: Finished precaching textures in 0.088 seconds
Warning: ZSetCorePlayercontroller Map_PC04.ZSetCorePlayercontroller (Function ZBase.DefaultPlayerController.Spectating.BeginState:0023) Accessed None 'PlayerReplicationInfo'
ScriptLog: WeaponLog=====> Started
ScriptLog: HitLoc=== >  4165.81,-17300.47,5563.72
ScriptLog: WeaponLog=====>Now Animation Name : Map_PC04.MTE_a   Fire
ScriptLog: WeaponLog=====>Now Animation Name : Map_PC04.MTE_a   ReLoad
ScriptLog: HitLoc=== >  4165.81,-17300.47,5563.72
ScriptLog: WeaponLog=====>Now Animation Name : Map_PC04.MTE_a   Fire
ScriptLog: WeaponLog=====>Emitter N WaterEmiClass N Decal : ZEmiWepGround.HMOC01_ExpMetal   None   ZDecalWeapon.HMOC01_GMMetal
ScriptLog: WeaponLog=====>Emitter N WaterEmiClass N Decal : ZEmiWepGround.HMOC01_ExpMetal   None   ZDecalWeapon.HMOC01_GMMetal
ScriptLog: WeaponLog=====>Now Animation Name : Map_PC04.MTE_a   ReLoad
ScriptLog: WeaponLog=====>Emitter N WaterEmiClass N Decal : ZEmiWepGround.HMOC01_ExpMetal   None   ZDecalWeapon.HMOC01_GMMetal
ScriptLog: WeaponLog=====>Emitter N WaterEmiClass N Decal : ZEmiWepGround.HMOC01_ExpMetal   None   ZDecalWeapon.HMOC01_GMMetal
ScriptLog: WeaponLog=====>Now Animation Name : Map_PC04.BPE_a   Idle
ScriptLog: WeaponLog=====>Now Animation Name : Map_PC04.BPE_a   Idle
ScriptLog: WeaponLog=====>Now Animation Name : Map_PC04.BPE_a   Idle
ScriptLog: WeaponLog=====>Now Animation Name : Map_PC04.BPE_a   Idle
ScriptLog: WeaponLog=====>Now Animation Name : Map_PC04.BPE_a   Idle
ScriptLog: WeaponLog=====>Now Animation Name : Map_PC04.BPE_a   Idle
ScriptLog: WeaponLog=====>Now Animation Name : Map_PC04.BPE_a   Idle
ScriptLog: WeaponLog=====>Now Animation Name : Map_PC04.BPE_a   Idle
ScriptLog: WeaponLog=====>Now Animation Name : Map_PC04.BPE_a   Idle
ScriptLog: WeaponLog=====>Now Animation Name : Map_PC04.BPE_a   Idle
ScriptLog: HitLoc=== >  4331.93,-17367.21,5563.72
ScriptLog: WeaponLog=====>Now Animation Name : Map_PC04.MTE_a   Fire
ScriptLog: WeaponLog=====>Now Animation Name : Map_PC04.MTE_a   ReLoad
ScriptLog: HitLoc=== >  5423.26,-17852.82,5563.74
ScriptLog: WeaponLog=====>Now Animation Name : Map_PC04.MTE_a   Fire
ScriptLog: WeaponLog=====>Now Animation Name : Map_PC04.MTE_a   ReLoad
ScriptLog: WeaponLog=====>Emitter N WaterEmiClass N Decal : ZEmiWepGround.HMOC01_ExpMetal   None   ZDecalWeapon.HMOC01_GMMetal
ScriptLog: WeaponLog=====>Emitter N WaterEmiClass N Decal : ZEmiWepGround.HMOC01_ExpMetal   None   ZDecalWeapon.HMOC01_GMMetal
ScriptLog: HitLoc=== >  5636.07,-18180.77,5563.74
ScriptLog: WeaponLog=====>Now Animation Name : Map_PC04.MTE_a   Fire
ScriptLog: WeaponLog=====>Now Animation Name : Map_PC04.MTE_a   ReLoad
ScriptLog: WeaponLog=====>Emitter N WaterEmiClass N Decal : ZEmiWepGround.HMOC01_ExpMetal   None   ZDecalWeapon.HMOC01_GMMetal
ScriptLog: WeaponLog=====>Emitter N WaterEmiClass N Decal : ZEmiWepGround.HMOC01_ExpMetal   None   ZDecalWeapon.HMOC01_GMMetal
ScriptLog: HitLoc=== >  5641.70,-18870.30,5563.73
ScriptLog: WeaponLog=====>Now Animation Name : Map_PC04.MTE_a   Fire
ScriptLog: WeaponLog=====>Now Animation Name : Map_PC04.MTE_a   ReLoad
ScriptLog: WeaponLog=====>Emitter N WaterEmiClass N Decal : ZEmiWepGround.HMOC01_ExpMetal   None   ZDecalWeapon.HMOC01_GMMetal
ScriptLog: WeaponLog=====>Emitter N WaterEmiClass N Decal : ZEmiWepGround.HMOC01_ExpMetal   None   ZDecalWeapon.HMOC01_GMMetal
ScriptLog: WeaponLog=====>Now Animation Name : Map_PC04.BPE_a   Idle
ScriptLog: HitLoc=== >  5497.55,-18592.48,5563.73
ScriptLog: WeaponLog=====>Now Animation Name : Map_PC04.MTE_a   Fire
ScriptLog: WeaponLog=====>Emitter N WaterEmiClass N Decal : ZEmiWepGround.HMOC01_ExpMetal   None   ZDecalWeapon.HMOC01_GMMetal
ScriptLog: WeaponLog=====>Now Animation Name : Map_PC04.MTE_a   ReLoad
ScriptLog: WeaponLog=====>Emitter N WaterEmiClass N Decal : ZEmiWepGround.HMOC01_ExpMetal   None   ZDecalWeapon.HMOC01_GMMetal
ScriptLog: WeaponLog=====>Now Animation Name : Map_PC04.BPE_a   Idle
ScriptLog: HitLoc=== >  5523.57,-18577.88,5563.73
ScriptLog: WeaponLog=====>Now Animation Name : Map_PC04.MTE_a   Fire
ScriptLog: WeaponLog=====>Now Animation Name : Map_PC04.MTE_a   ReLoad
ScriptLog: WeaponLog=====>Emitter N WaterEmiClass N Decal : ZEmiWepGround.HMOC01_ExpMetal   None   ZDecalWeapon.HMOC01_GMMetal
ScriptLog: WeaponLog=====>Emitter N WaterEmiClass N Decal : ZEmiWepGround.HMOC01_ExpMetal   None   ZDecalWeapon.HMOC01_GMMetal
ScriptLog: WeaponLog=====>Now Animation Name : Map_PC04.BPE_a   Idle
ScriptLog: HitLoc=== >  5562.15,-19029.07,5563.73
ScriptLog: WeaponLog=====>Now Animation Name : Map_PC04.MTE_a   Fire
ScriptLog: WeaponLog=====>Now Animation Name : Map_PC04.MTE_a   ReLoad
ScriptLog: WeaponLog=====>Emitter N WaterEmiClass N Decal : ZEmiWepGround.HMOC01_ExpMetal   None   ZDecalWeapon.HMOC01_GMMetal
ScriptLog: WeaponLog=====>Emitter N WaterEmiClass N Decal : ZEmiWepGround.HMOC01_ExpMetal   None   ZDecalWeapon.HMOC01_GMMetal
ScriptLog: WeaponLog=====>Now Animation Name : Map_PC04.BPE_a   Idle
ScriptLog: HitLoc=== >  5695.22,-25672.18,5563.74
ScriptLog: ApplyHitRate====> HitRate:  70.00  NowHitRate:  81
ScriptLog: Miss=== iXApplyRot :  30  iYApplyRot :  39
ScriptLog: WeaponLog=====>Now Animation Name : Map_PC04.MTE_a   Fire
ScriptLog: WeaponLog=====>Now Animation Name : Map_PC04.MTE_a   ReLoad
ScriptLog: WeaponLog=====>Emitter N WaterEmiClass N Decal : ZEmiWepGround.HMOC01_ExpMetal   None   ZDecalWeapon.HMOC01_GMMetal
ScriptLog: WeaponLog=====>Emitter N WaterEmiClass N Decal : ZEmiWepGround.HMOC01_ExpMetal   None   ZDecalWeapon.HMOC01_GMMetal
ScriptLog: WeaponLog=====>Now Animation Name : Map_PC04.BPE_a   Idle
ScriptLog: HitLoc=== >  4044.83,-17414.64,5563.74
ScriptLog: WeaponLog=====>Now Animation Name : Map_PC04.MTE_a   Fire
ScriptLog: WeaponLog=====>Now Animation Name : Map_PC04.MTE_a   ReLoad
ScriptLog: WeaponLog=====>Emitter N WaterEmiClass N Decal : ZEmiWepGround.HMOC01_ExpMetal   None   ZDecalWeapon.HMOC01_GMMetal
ScriptLog: WeaponLog=====>Emitter N WaterEmiClass N Decal : ZEmiWepGround.HMOC01_ExpMetal   None   ZDecalWeapon.HMOC01_GMMetal
ScriptLog: WeaponLog=====>Now Animation Name : Map_PC04.BPE_a   Idle
ScriptLog: HitLoc=== >  5040.93,-18364.65,5563.73
ScriptLog: ApplyHitRate====> HitRate:  70.00  NowHitRate:  88
ScriptLog: Miss=== iXApplyRot :  6  iYApplyRot :  -64
ScriptLog: WeaponLog=====>Now Animation Name : Map_PC04.MTE_a   Fire
ScriptLog: WeaponLog=====>Now Animation Name : Map_PC04.MTE_a   ReLoad
ScriptLog: WeaponLog=====>Emitter N WaterEmiClass N Decal : ZEmiWepGround.HMOC01_ExpMetal   None   ZDecalWeapon.HMOC01_GMMetal
ScriptLog: WeaponLog=====>Emitter N WaterEmiClass N Decal : ZEmiWepGround.HMOC01_ExpMetal   None   ZDecalWeapon.HMOC01_GMMetal
ScriptLog: WeaponLog=====>Now Animation Name : Map_PC04.BPE_a   Idle
ScriptLog: HitLoc=== >  4843.54,-18526.20,5563.72
ScriptLog: WeaponLog=====>Now Animation Name : Map_PC04.MTE_a   Fire
ScriptLog: WeaponLog=====>Emitter N WaterEmiClass N Decal : ZEmiWepGround.HMOC01_ExpMetal   None   ZDecalWeapon.HMOC01_GMMetal
ScriptLog: WeaponLog=====>Now Animation Name : Map_PC04.MTE_a   ReLoad
ScriptLog: WeaponLog=====>Emitter N WaterEmiClass N Decal : ZEmiWepGround.HMOC01_ExpMetal   None   ZDecalWeapon.HMOC01_GMMetal
ScriptLog: WeaponLog=====>Now Animation Name : Map_PC04.BPE_a   Idle
ScriptLog: HitLoc=== >  5293.11,-18474.71,5563.72
ScriptLog: ApplyHitRate====> HitRate:  70.00  NowHitRate:  96
ScriptLog: Miss=== iXApplyRot :  13  iYApplyRot :  75
ScriptLog: WeaponLog=====>Now Animation Name : Map_PC04.MTE_a   Fire
ScriptLog: WeaponLog=====>Emitter N WaterEmiClass N Decal : ZEmiWepGround.HMOC01_ExpMetal   None   ZDecalWeapon.HMOC01_GMMetal
ScriptLog: WeaponLog=====>Emitter N WaterEmiClass N Decal : ZEmiWepGround.HMOC01_ExpMetal   None   ZDecalWeapon.HMOC01_GMMetal
ScriptLog: WeaponLog=====>Now Animation Name : Map_PC04.MTE_a   ReLoad
ScriptLog: HitLoc=== >  5604.25,-18323.62,5563.73
ScriptLog: WeaponLog=====>Now Animation Name : Map_PC04.MTE_a   Fire
ScriptLog: WeaponLog=====>Now Animation Name : Map_PC04.MTE_a   ReLoad
ScriptLog: WeaponLog=====>Emitter N WaterEmiClass N Decal : ZEmiWepGround.HMOC01_ExpMetal   None   ZDecalWeapon.HMOC01_GMMetal
ScriptLog: WeaponLog=====>Emitter N WaterEmiClass N Decal : ZEmiWepGround.HMOC01_ExpMetal   None   ZDecalWeapon.HMOC01_GMMetal
ScriptLog: WeaponLog=====>Now Animation Name : Map_PC04.BPE_a   Idle
ScriptLog: HitLoc=== >  5376.07,-18029.69,5563.73
ScriptLog: WeaponLog=====>Now Animation Name : Map_PC04.MTE_a   Fire
ScriptLog: WeaponLog=====>Emitter N WaterEmiClass N Decal : ZEmiWepGround.HMOC01_ExpMetal   None   ZDecalWeapon.HMOC01_GMMetal
ScriptLog: WeaponLog=====>Emitter N WaterEmiClass N Decal : ZEmiWepGround.HMOC01_ExpMetal   None   ZDecalWeapon.HMOC01_GMMetal
ScriptLog: WeaponLog=====>Now Animation Name : Map_PC04.MTE_a   ReLoad
ScriptLog: HitLoc=== >  5012.95,-17731.91,5563.72
ScriptLog: WeaponLog=====>Now Animation Name : Map_PC04.MTE_a   Fire
ScriptLog: WeaponLog=====>Emitter N WaterEmiClass N Decal : ZEmiWepGround.HMOC01_ExpMetal   None   ZDecalWeapon.HMOC01_GMMetal
ScriptLog: WeaponLog=====>Emitter N WaterEmiClass N Decal : ZEmiWepGround.HMOC01_ExpMetal   None   ZDecalWeapon.HMOC01_GMMetal
ScriptLog: WeaponLog=====>Now Animation Name : Map_PC04.MTE_a   ReLoad
ScriptLog: HitLoc=== >  5282.43,-17700.00,5563.73
ScriptLog: WeaponLog=====>Now Animation Name : Map_PC04.MTE_a   Fire
ScriptLog: WeaponLog=====>Now Animation Name : Map_PC04.MTE_a   ReLoad
ScriptLog: WeaponLog=====>Emitter N WaterEmiClass N Decal : ZEmiWepGround.HMOC01_ExpMetal   None   ZDecalWeapon.HMOC01_GMMetal
ScriptLog: WeaponLog=====>Emitter N WaterEmiClass N Decal : ZEmiWepGround.HMOC01_ExpMetal   None   ZDecalWeapon.HMOC01_GMMetal
ScriptLog: HitLoc=== >  5227.88,-18879.41,5563.71
ScriptLog: WeaponLog=====>Now Animation Name : Map_PC04.MTE_a   Fire
ScriptLog: WeaponLog=====>Now Animation Name : Map_PC04.MTE_a   ReLoad
ScriptLog: WeaponLog=====>Emitter N WaterEmiClass N Decal : ZEmiWepGround.HMOC01_ExpMetal   None   ZDecalWeapon.HMOC01_GMMetal
ScriptLog: WeaponLog=====>Emitter N WaterEmiClass N Decal : ZEmiWepGround.HMOC01_ExpMetal   None   ZDecalWeapon.HMOC01_GMMetal
ScriptLog: HitLoc=== >  5191.22,-18813.97,5563.71
ScriptLog: WeaponLog=====>Now Animation Name : Map_PC04.MTE_a   Fire
ScriptLog: WeaponLog=====>Now Animation Name : Map_PC04.MTE_a   ReLoad
ScriptLog: WeaponLog=====>Emitter N WaterEmiClass N Decal : ZEmiWepGround.HMOC01_ExpMetal   None   ZDecalWeapon.HMOC01_GMMetal
ScriptLog: WeaponLog=====>Emitter N WaterEmiClass N Decal : ZEmiWepGround.HMOC01_ExpMetal   None   ZDecalWeapon.HMOC01_GMMetal
ScriptLog: HitLoc=== >  5191.22,-18813.97,5563.71
ScriptLog: WeaponLog=====>Now Animation Name : Map_PC04.MTE_a   Fire
ScriptLog: WeaponLog=====>Now Animation Name : Map_PC04.MTE_a   ReLoad
ScriptLog: WeaponLog=====>Emitter N WaterEmiClass N Decal : ZEmiWepGround.HMOC01_ExpMetal   None   ZDecalWeapon.HMOC01_GMMetal
ScriptLog: WeaponLog=====>Emitter N WaterEmiClass N Decal : ZEmiWepGround.HMOC01_ExpMetal   None   ZDecalWeapon.HMOC01_GMMetal
ScriptLog: HitLoc=== >  5191.22,-18813.97,5563.71
ScriptLog: WeaponLog=====>Now Animation Name : Map_PC04.MTE_a   Fire
ScriptLog: WeaponLog=====>Now Animation Name : Map_PC04.MTE_a   ReLoad
ScriptLog: WeaponLog=====>Emitter N WaterEmiClass N Decal : ZEmiWepGround.HMOC01_ExpMetal   None   ZDecalWeapon.HMOC01_GMMetal
ScriptLog: WeaponLog=====>Emitter N WaterEmiClass N Decal : ZEmiWepGround.HMOC01_ExpMetal   None   ZDecalWeapon.HMOC01_GMMetal
ScriptLog: HitLoc=== >  5191.22,-18813.97,5563.71
ScriptLog: WeaponLog=====>Now Animation Name : Map_PC04.MTE_a   Fire
ScriptLog: WeaponLog=====>Now Animation Name : Map_PC04.MTE_a   ReLoad
ScriptLog: WeaponLog=====>Emitter N WaterEmiClass N Decal : ZEmiWepGround.HMOC01_ExpMetal   None   ZDecalWeapon.HMOC01_GMMetal
ScriptLog: WeaponLog=====>Emitter N WaterEmiClass N Decal : ZEmiWepGround.HMOC01_ExpMetal   None   ZDecalWeapon.HMOC01_GMMetal
ScriptLog: HitLoc=== >  5191.22,-18813.97,5563.71
ScriptLog: WeaponLog=====>Now Animation Name : Map_PC04.MTE_a   Fire
ScriptLog: WeaponLog=====>Now Animation Name : Map_PC04.MTE_a   ReLoad
ScriptLog: WeaponLog=====>Emitter N WaterEmiClass N Decal : ZEmiWepGround.HMOC01_ExpMetal   None   ZDecalWeapon.HMOC01_GMMetal
ScriptLog: WeaponLog=====>Emitter N WaterEmiClass N Decal : ZEmiWepGround.HMOC01_ExpMetal   None   ZDecalWeapon.HMOC01_GMMetal
ScriptLog: HitLoc=== >  5126.70,-18703.01,5563.71
ScriptLog: WeaponLog=====>Now Animation Name : Map_PC04.MTE_a   Fire
ScriptLog: WeaponLog=====>Now Animation Name : Map_PC04.MTE_a   ReLoad
ScriptLog: WeaponLog=====>Emitter N WaterEmiClass N Decal : ZEmiWepGround.HMOC01_ExpMetal   None   ZDecalWeapon.HMOC01_GMMetal
ScriptLog: WeaponLog=====>Emitter N WaterEmiClass N Decal : ZEmiWepGround.HMOC01_ExpMetal   None   ZDecalWeapon.HMOC01_GMMetal
ScriptLog: WeaponLog=====>Now Animation Name : Map_PC04.BPE_a   Idle
ScriptLog: HitLoc=== >  5848.63,-26051.26,5563.74
ScriptLog: ApplyHitRate====> HitRate:  70.00  NowHitRate:  99
ScriptLog: Miss=== iXApplyRot :  78  iYApplyRot :  -78
ScriptLog: WeaponLog=====>Now Animation Name : Map_PC04.MTE_a   Fire
ScriptLog: WeaponLog=====>Now Animation Name : Map_PC04.MTE_a   ReLoad
ScriptLog: WeaponLog=====>Emitter N WaterEmiClass N Decal : ZEmiWepGround.HMOC01_ExpMetal   None   ZDecalWeapon.HMOC01_GMMetal
ScriptLog: WeaponLog=====>Emitter N WaterEmiClass N Decal : ZEmiWepGround.HMOC01_ExpMetal   None   ZDecalWeapon.HMOC01_GMMetal
ScriptLog: HitLoc=== >  7652.07,-23753.26,5563.75
ScriptLog: WeaponLog=====>Now Animation Name : Map_PC04.MTE_a   Fire
ScriptLog: WeaponLog=====>Now Animation Name : Map_PC04.MTE_a   ReLoad
ScriptLog: WeaponLog=====>Emitter N WaterEmiClass N Decal : ZEmiWepGround.HMOC01_ExpMetal   None   ZDecalWeapon.HMOC01_GMMetal
ScriptLog: WeaponLog=====>Emitter N WaterEmiClass N Decal : ZEmiWepGround.HMOC01_ExpMetal   None   ZDecalWeapon.HMOC01_GMMetal
ScriptLog: HitLoc=== >  10160.16,-23777.55,5563.80
ScriptLog: WeaponLog=====>Now Animation Name : Map_PC04.MTE_a   Fire
ScriptLog: WeaponLog=====>Now Animation Name : Map_PC04.MTE_a   ReLoad
ScriptLog: WeaponLog=====>Emitter N WaterEmiClass N Decal : ZEmiWepGround.HMOC01_ExpMetal   None   ZDecalWeapon.HMOC01_GMMetal
ScriptLog: WeaponLog=====>Emitter N WaterEmiClass N Decal : ZEmiWepGround.HMOC01_ExpMetal   None   ZDecalWeapon.HMOC01_GMMetal
ScriptLog: WeaponLog=====>Emitter N WaterEmiClass N Decal : ZEmiWepGround.HMOC01_ExpMetal   None   ZDecalWeapon.HMOC01_GMMetal
ScriptLog: WeaponLog=====>Emitter N WaterEmiClass N Decal : ZEmiWepGround.HMOC01_ExpMetal   None   ZDecalWeapon.HMOC01_GMMetal
ScriptLog: HitLoc=== >  9546.59,-23767.77,5563.79
ScriptLog: WeaponLog=====>Now Animation Name : Map_PC04.MTE_a   Fire
ScriptLog: WeaponLog=====>Now Animation Name : Map_PC04.MTE_a   ReLoad
ScriptLog: WeaponLog=====>Emitter N WaterEmiClass N Decal : ZEmiWepGround.HMOC01_ExpMetal   None   ZDecalWeapon.HMOC01_GMMetal
ScriptLog: WeaponLog=====>Emitter N WaterEmiClass N Decal : ZEmiWepGround.HMOC01_ExpMetal   None   ZDecalWeapon.HMOC01_GMMetal
ScriptLog: HitLoc=== >  9601.96,-23790.00,5563.79
ScriptLog: WeaponLog=====>Now Animation Name : Map_PC04.MTE_a   Fire
ScriptLog: WeaponLog=====>Now Animation Name : Map_PC04.MTE_a   ReLoad
ScriptLog: HitLoc=== >  9601.96,-23790.00,5563.79
ScriptLog: WeaponLog=====>Now Animation Name : Map_PC04.MTE_a   Fire
ScriptLog: WeaponLog=====>Now Animation Name : Map_PC04.MTE_a   ReLoad
ScriptLog: WeaponLog=====>Emitter N WaterEmiClass N Decal : ZEmiWepGround.HMOC01_ExpMetal   None   ZDecalWeapon.HMOC01_GMMetal
ScriptLog: WeaponLog=====>Emitter N WaterEmiClass N Decal : ZEmiWepGround.HMOC01_ExpMetal   None   ZDecalWeapon.HMOC01_GMMetal
ScriptLog: HitLoc=== >  9601.96,-23790.00,5563.79
ScriptLog: WeaponLog=====>Now Animation Name : Map_PC04.MTE_a   Fire
ScriptLog: WeaponLog=====>Now Animation Name : Map_PC04.MTE_a   ReLoad
ScriptLog: WeaponLog=====>Emitter N WaterEmiClass N Decal : ZEmiWepGround.HMOC01_ExpMetal   None   ZDecalWeapon.HMOC01_GMMetal
ScriptLog: WeaponLog=====>Emitter N WaterEmiClass N Decal : ZEmiWepGround.HMOC01_ExpMetal   None   ZDecalWeapon.HMOC01_GMMetal
ScriptLog: HitLoc=== >  9596.13,-24037.70,5563.79
ScriptLog: WeaponLog=====>Now Animation Name : Map_PC04.MTE_a   Fire
ScriptLog: WeaponLog=====>Now Animation Name : Map_PC04.MTE_a   ReLoad
ScriptLog: WeaponLog=====>Emitter N WaterEmiClass N Decal : ZEmiWepGround.HMOC01_ExpMetal   None   ZDecalWeapon.HMOC01_GMMetal
ScriptLog: WeaponLog=====>Emitter N WaterEmiClass N Decal : ZEmiWepGround.HMOC01_ExpMetal   None   ZDecalWeapon.HMOC01_GMMetal
ScriptLog: HitLoc=== >  3641.95,-27621.14,2778.29
ScriptLog: WeaponLog=====>Emitter N WaterEmiClass N Decal : ZEmiWepGround.HMOC01_ExpMetal   None   ZDecalWeapon.HMOC01_GMMetal
ScriptLog: WeaponLog=====>Emitter N WaterEmiClass N Decal : ZEmiWepGround.HMOC01_ExpMetal   None   ZDecalWeapon.HMOC01_GMMetal
ScriptLog: HitLoc=== >  186.08,-22634.51,621.04
Log: Allocating 93888 byte dynamic vertex buffer.
Log: Allocating 99360 byte dynamic vertex buffer.
Log: Allocating 99648 byte dynamic vertex buffer.
Log: Allocating 110592 byte dynamic vertex buffer.
ScriptLog: WeaponLog=====>Now Animation Name : Map_PC04.BPE_a   Idle
ScriptLog: WeaponLog=====>Now Animation Name : Map_PC04.BPE_a   Idle
ScriptLog: Destroty Start: ZSetCorePlayercontroller
ScriptLog: AdminManager Destroy
ScriptLog: StopFeedBack Effect
ScriptLog: MyHud Destroy
ScriptLog: MyHud: ZPveSetCoreHud
ScriptLog: Pawn Destroy
ScriptLog: Pawn: SA01m -436.53,-22306.36,689.75
ScriptLog: AnnouncerQueueManager Destroy
ScriptLog: FreeMoves Destroy
ScriptLog: SaveMoves Destroy
ScriptLog: PlayerSecurity Destroy
ScriptLog: CheatManager Destroy
ScriptLog: Player Controller Destroyed Succes
Log: Closed viewport
Log: All Windows Closed
Log: appRequestExit(0)
Exit: Preparing to exit.
Log: Purging garbage
Log: GDebuggr NotifyGC
Log: DispatchDestroys
Log: Unbound to Window.dll
Log: Unbound to Core.dll
Log: Unbound to Engine.dll
Exit: Game engine shut down
Log: Unbound to WinDrv.dll
Exit: Windows client shut down
Log: Unbound to D3D9Drv.dll
Log: Unbound to XGame.dll
Log: Unbound to Editor.dll
Log: Unbound to Fire.dll
Log: Unbound to XInterface.dll
Log: Unbound to ZNetwork.dll
Log: Unbound to IpDrv.dll
Log: Unbound to ALAudio.dll
Log: Waiting for file streaming thread to finish...
Exit: OpenAL Audio subsystem shut down.
NetComeGo: Close TcpipConnection <HOST_VPN_IP>:30907 09/22/26 19:15:31
Exit: Socket shut down
Log: (Karma): Level Karma Terminated.
Log: DeleteGarbage
Log: DeleteName
Log: Garbage: objects: 64205->0; refs: 724331
Exit: Object subsystem successfully closed.
Exit: Exiting.
Log: FileManager: Reading 0 GByte 390 MByte 269 KByte 143 Bytes from HD took 1.261997 seconds (1.170997 reading, 0.091000 seeking).
Log: FileManager: 0.214000 seconds spent with misc. duties
Uninitialized: Name subsystem shut down
Uninitialized: Memory Allocation Status
Uninitialized: Curr Memory  13.264M /  18.121M
Uninitialized: Peak Memory  269.240M /  272.742M
Uninitialized: Allocs        2453 Current /  49742247 Total
Uninitialized: Log file closed, 09/22/26 19:15:31
