Log: Log file open, 09/22/26 12:31:02
Init: Name subsystem initialized
Init: Detected: Microsoft Windows NT 6.2 (Build: 9200)
Init: Version: 3369 (134.29)
Init: Compiled: Nov  8 2010 20:59:51
Init: Command line:  -globalid=TW&ip=127.0.0.1&port=9211&age=30 -log=run-123101.72.log
Init: Character set: Unicode
Init: Base directory: C:\Games\MetalRage Online\data\System\
Init: Ini:MetalRage.ini   UserIni:User.ini
Init: Build label:  Build MR_Build_[2009-12-10_09.30]
Init: Object subsystem initialized
Log: Default_Set_Initialize_MH : C:\Games\MetalRage Online\data\System\MetalRage.exe
Log: 	nvldumd.dll/NVIDIA GeForce RTX 4080
Log: 	nvldumd.dll/NVIDIA GeForce RTX 4080
Log: Game class is 'GameInfo'
Log: Bringing Level Entry.myLevel up for play (0) appSeconds: 4.336000...
ScriptLog: GameInfo::InitGame : bEnableStatLogging False
Log: Browse: NoIntro.tzp
Log: SetFlag_BD
Log: ClearFlag_BD
Log: PurgeGarbage_BD
Log: Collecting garbage
Log: Purging garbage
Log: GDebuggr NotifyGC
Log: DispatchDestroys
Log: DeleteGarbage
Log: DeleteName
Log: Garbage: objects: 18455->18455; refs: 155833
Log: CollectGarbage_BD
Warning: Missing FinalBlend FinalBlend CYEffect.dust.Debris1_Final
Log: Game class is 'CinematicGameInfo'
Log: Bringing Level NoIntro.myLevel up for play (0) appSeconds: 4.531000...
ScriptLog: GameInfo::InitGame : bEnableStatLogging False
Log: Window Font Count=512
Log: Not Register Font:MingLiu
ScriptLog: Style already registered 'GUI2K4.STY2TextButton'
Log: ALAudio: Using DirectSound to record audio.
Log: Couden't FuncInputWndProc
Log: Opened viewport
Log: Enter SetRes: 1600x1200 Fullscreen 0
Log: Using back-buffer format 22(32-bit)
Log: Using depth-buffer format 77(32-bit)
Log: Creating device
Log: xD3D9Helper::Init (QuadEmulation)
Log: Unknown style requested Header
Log: Unknown style requested EditBox
Log: Unknown style requested CloseButton
Log: Startup time: 9.668000 seconds
Log: Precaching: NoIntro.LevelInfo0
Log: Static mesh batches: 0 vertex bytes, 0 index bytes
Log: Allocating 16384 byte dynamic index buffer.
Log: Register Font:Verdana
Log: Finished precaching geometry in 0.010 seconds
Log: Finished precaching textures in 0.000 seconds
Log: Enter SetRes: 1600x1200 Fullscreen 0
Log: Using back-buffer format 22(32-bit)
Log: Using depth-buffer format 77(32-bit)
Log: xD3D9Helper::Init (QuadEmulation)
Log: Browse: Index.tzp?disconnect
Log: ENTRY
Log: GP=FALSE
Log: Spawning new actor for Viewport WindowsViewport
Log: Browse: Store_01?Game=ZModeHangar.HangarGameInfo?Team=0
Warning: Missing MeshNormalShader MeshNormalShader ChibT02.IB02.IBT02B1
ScriptLog: Destroty Start: PlayerController
ScriptLog: AdminManager Destroy
ScriptLog: StopFeedBack Effect
ScriptLog: MyHud Destroy
ScriptLog: MyHud: HUD
ScriptLog: Pawn Destroy
ScriptLog: AnnouncerQueueManager Destroy
ScriptLog: FreeMoves Destroy
ScriptLog: SaveMoves Destroy
ScriptLog: PlayerSecurity Destroy
ScriptLog: PlayerSecurity: UnrealSecurity
ScriptLog: CheatManager Destroy
ScriptLog: Player Controller Destroyed Succes
Log: CelanAudio
Log: SetFlag_BD
Log: ClearFlag_BD
Log: PurgeGarbage_BD
Log: Collecting garbage
Log: Purging garbage
Log: GDebuggr NotifyGC
Log: DispatchDestroys
Log: DeleteGarbage
Log: DeleteName
Log: Garbage: objects: 42991->42831; refs: 451820
Log: CollectGarbage_BD
Log: SetViewPortAudioEntry_BD
Log: SetViewPortAudio_BD 1
Log: Game class is 'HangarGameInfo'
Log: Bringing Level Store_01.myLevel up for play (0) appSeconds: 11.463000...
Log: (Karma): Autodetecting CPU for SSE
Log: (Karma): Using SSE Optimizations
ScriptLog: GameInfo::InitGame : bEnableStatLogging False
ScriptLog: PRELoadAllMesh_BD
Log: Spawning new actor for Viewport WindowsViewport
Warning: NULL ': 
Warning: Material''None'
Log: Precaching: Store_01.LevelInfo0
Log: Static mesh batches: 3168 vertex bytes, 396 index bytes
Log: Finished precaching geometry in 0.013 seconds
Log: Allocating 65536 byte dynamic vertex buffer.
Log: Finished precaching textures in 0.035 seconds
ScriptLog: START MATCH
Log: Precaching: Store_01.LevelInfo0
Log: Allocating 65536 byte dynamic vertex buffer.
Log: Finished precaching geometry in 0.074 seconds
Log: Finished precaching textures in 0.033 seconds
Log: Allocating 74448 byte dynamic vertex buffer.
Log: Allocating 76896 byte dynamic vertex buffer.
Log: Allocating 78768 byte dynamic vertex buffer.
ScriptLog: [ ZPage_Room ][ GameStart ]  start <HOST_VPN_IP>:30907/Map_PC04?team=0
Log: URL: Adding default option Name=5
Log: Browse: <HOST_VPN_IP>/Map_PC04?team=0?Name=5
Log: Attemp Begin LoadMap
ScriptLog: Destroty Start: HangarPlayerController
ScriptLog: AdminManager Destroy
ScriptLog: StopFeedBack Effect
ScriptLog: MyHud Destroy
ScriptLog: MyHud: HangarHud
ScriptLog: Pawn Destroy
ScriptLog: AnnouncerQueueManager Destroy
ScriptLog: FreeMoves Destroy
ScriptLog: SaveMoves Destroy
ScriptLog: PlayerSecurity Destroy
ScriptLog: PlayerSecurity: UnrealSecurity
ScriptLog: CheatManager Destroy
ScriptLog: Player Controller Destroyed Succes
Log: NetMode now NM_Client
Log: CelanAudio
Log: SetFlag_BD
Log: ClearFlag_BD
Log: PurgeGarbage_BD
Log: Collecting garbage
Log: Purging garbage
Log: GDebuggr NotifyGC
Log: DispatchDestroys
Log: DeleteGarbage
Log: DeleteName
Log: Garbage: objects: 65122->53890; refs: 686967
Log: CollectGarbage_BD
Log: SetViewPortAudioEntry_BD
Log: SetViewPortAudio_BD 1
Log: Core
Log: Engine
Log: Fire
Log: Editor
Log: IpDrv
Log: GamePlay
Log: UnrealGame
Log: XGame
Log: ZNetwork
Log: ZEmiWeather
Log: ZBaseObject
Log: ZBase
Log: ZBaseMechanic
Log: ZBaseMRKit
Log: ZEvent
Log: ZVolume
Log: ZDynamicWeapon
Log: ZBaseWeapon
Log: ZDefineWeapon
Log: ZWeapon
Log: ZMechanic
Log: ZMechanicA
Log: ZAction
Log: ZGame
Log: ZModeBot
Log: ZModeCapture
Log: ZModeOccupation
Log: ZModeBlow
Log: ZModeSuddenDeath
Log: ZModeRage
Log: ZModePve
Log: ZModeEscortPve
Log: Bringing Level Map_PC04.myLevel up for play (90) appSeconds: 225.488000...
Log: (Karma): Autodetecting CPU for SSE
Log: (Karma): Using SSE Optimizations
Log: Spawning new actor for Viewport WindowsViewport
Log: Allocating 65536 byte dynamic vertex buffer.
ScriptLog: PRELoadAllMesh_BD
Log: NetMode now NM_Client
Log: Collecting garbage
Log: Purging garbage
Log: GDebuggr NotifyGC
Log: DispatchDestroys
Log: (Karma): Level Karma Terminated.
Log: DeleteGarbage
Log: DeleteName
Log: Garbage: objects: 60676->60259; refs: 724331
Log: ZSetCorePlayercontroller setplayer WindowsViewport
Log: Precaching: Map_PC04.LevelInfo0
Warning: NULL ': 
Warning: Class''None'
Warning: NULL ': 
Warning: Class''None'
Log: Static mesh batches: 78336 vertex bytes, 6780 index bytes
Log: Allocating 16384 byte dynamic index buffer.
Log: Allocating 509856 byte dynamic index buffer.
Log: Allocating 83664 byte dynamic vertex buffer.
Log: Finished precaching geometry in 0.234 seconds
Log: Finished precaching textures in 0.063 seconds
Warning: NULL ': 
Warning: Class''None'
Warning: NULL ': 
Warning: Class''None'
Warning: ZSetCorePlayercontroller Map_PC04.ZSetCorePlayercontroller (Function ZBase.DefaultPlayerController.Spectating.BeginState:0023) Accessed None 'PlayerReplicationInfo'
ScriptLog: WeaponLog=====> Started
ScriptLog: HitLoc=== >  -3588.89,-20912.79,5563.65
ScriptLog: WeaponLog=====>Now Animation Name : Map_PC04.MTE_a   Fire
ScriptLog: WeaponLog=====>Now Animation Name : Map_PC04.MTE_a   ReLoad
ScriptLog: HitLoc=== >  -292.56,-23749.46,494.50
ScriptLog: WeaponLog=====>Now Animation Name : Map_PC04.MTE_a   Fire
ScriptLog: WeaponLog=====>Now Animation Name : Map_PC04.MTE_a   ReLoad
ScriptLog: WeaponLog=====>Emitter N WaterEmiClass N Decal : ZEmiWepGround.HMOC01_ExpMetal   None   ZDecalWeapon.HMOC01_GMMetal
ScriptLog: WeaponLog=====>Emitter N WaterEmiClass N Decal : ZEmiWepGround.HMOC01_ExpMetal   None   ZDecalWeapon.HMOC01_GMMetal
ScriptLog: HitLoc=== >  -5006.05,-20255.18,5563.70
ScriptLog: WeaponLog=====>Now Animation Name : Map_PC04.MTE_a   Fire
ScriptLog: WeaponLog=====>Now Animation Name : Map_PC04.MTE_a   ReLoad
ScriptLog: WeaponLog=====>Emitter N WaterEmiClass N Decal : ZEmiWepGround.HMOC01_ExpMetal   None   ZDecalWeapon.HMOC01_GMMetal
ScriptLog: WeaponLog=====>Emitter N WaterEmiClass N Decal : ZEmiWepGround.HMOC01_ExpMetal   None   ZDecalWeapon.HMOC01_GMMetal
ScriptLog: HitLoc=== >  -4059.68,-19168.35,3238.02
ScriptLog: WeaponLog=====>Now Animation Name : Map_PC04.MTE_a   Fire
ScriptLog: WeaponLog=====>Now Animation Name : Map_PC04.MTE_a   ReLoad
ScriptLog: WeaponLog=====>Emitter N WaterEmiClass N Decal : ZEmiWepGround.HMOC01_ExpMetal   None   ZDecalWeapon.HMOC01_GMMetal
ScriptLog: WeaponLog=====>Emitter N WaterEmiClass N Decal : ZEmiWepGround.HMOC01_ExpMetal   None   ZDecalWeapon.HMOC01_GMMetal
ScriptLog: HitLoc=== >  -3764.52,-19168.36,3167.71
ScriptLog: WeaponLog=====>Emitter N WaterEmiClass N Decal : ZEmiWepGround.HMOC01_ExpMetal   None   ZDecalWeapon.HMOC01_GMMetal
ScriptLog: WeaponLog=====>Emitter N WaterEmiClass N Decal : ZEmiWepGround.HMOC01_ExpMetal   None   ZDecalWeapon.HMOC01_GMMetal
ScriptLog: HitLoc=== >  -1782.15,-20731.83,1660.71
ScriptLog: HitLoc=== >  -2361.24,-20893.30,1707.09
ScriptLog: HitLoc=== >  -1949.80,-21392.68,1059.40
ScriptLog: WeaponLog=====>Now Animation Name : Map_PC04.MTE_a   Fire
ScriptLog: WeaponLog=====>Now Animation Name : Map_PC04.MTE_a   ReLoad
ScriptLog: HitLoc=== >  -1949.80,-21392.68,1059.40
ScriptLog: WeaponLog=====>Emitter N WaterEmiClass N Decal : ZEmiWepGround.HMOC01_ExpMetal   None   ZDecalWeapon.HMOC01_GMMetal
ScriptLog: WeaponLog=====>Emitter N WaterEmiClass N Decal : ZEmiWepGround.HMOC01_ExpMetal   None   ZDecalWeapon.HMOC01_GMMetal
ScriptLog: HitLoc=== >  -1841.09,-21348.79,1055.21
ScriptLog: HitLoc=== >  -1841.09,-21348.79,1055.21
ScriptLog: WeaponLog=====>Now Animation Name : Map_PC04.MTE_a   Fire
ScriptLog: WeaponLog=====>Now Animation Name : Map_PC04.MTE_a   ReLoad
ScriptLog: HitLoc=== >  -1841.09,-21348.79,1055.21
ScriptLog: WeaponLog=====>Now Animation Name : Map_PC04.MTE_a   Fire
ScriptLog: WeaponLog=====>Now Animation Name : Map_PC04.MTE_a   ReLoad
ScriptLog: WeaponLog=====>Emitter N WaterEmiClass N Decal : ZEmiWepGround.HMOC01_ExpMetal   None   ZDecalWeapon.HMOC01_GMMetal
ScriptLog: WeaponLog=====>Emitter N WaterEmiClass N Decal : ZEmiWepGround.HMOC01_ExpMetal   None   ZDecalWeapon.HMOC01_GMMetal
ScriptLog: HitLoc=== >  -1841.09,-21348.79,1055.21
ScriptLog: WeaponLog=====>Now Animation Name : Map_PC04.MTE_a   Fire
ScriptLog: WeaponLog=====>Now Animation Name : Map_PC04.MTE_a   ReLoad
ScriptLog: WeaponLog=====>Emitter N WaterEmiClass N Decal : ZEmiWepGround.HMOC01_ExpMetal   None   ZDecalWeapon.HMOC01_GMMetal
ScriptLog: WeaponLog=====>Emitter N WaterEmiClass N Decal : ZEmiWepGround.HMOC01_ExpMetal   None   ZDecalWeapon.HMOC01_GMMetal
ScriptLog: HitLoc=== >  -1841.09,-21348.79,1055.21
ScriptLog: WeaponLog=====>Emitter N WaterEmiClass N Decal : ZEmiWepGround.HMOC01_ExpMetal   None   ZDecalWeapon.HMOC01_GMMetal
ScriptLog: WeaponLog=====>Emitter N WaterEmiClass N Decal : ZEmiWepGround.HMOC01_ExpMetal   None   ZDecalWeapon.HMOC01_GMMetal
ScriptLog: HitLoc=== >  -1841.09,-21348.79,1055.21
ScriptLog: WeaponLog=====>Now Animation Name : Map_PC04.MTE_a   Fire
ScriptLog: WeaponLog=====>Now Animation Name : Map_PC04.MTE_a   ReLoad
ScriptLog: HitLoc=== >  -1841.09,-21348.79,1055.21
ScriptLog: WeaponLog=====>Now Animation Name : Map_PC04.MTE_a   Fire
ScriptLog: WeaponLog=====>Now Animation Name : Map_PC04.MTE_a   ReLoad
ScriptLog: WeaponLog=====>Emitter N WaterEmiClass N Decal : ZEmiWepGround.HMOC01_ExpMetal   None   ZDecalWeapon.HMOC01_GMMetal
ScriptLog: WeaponLog=====>Emitter N WaterEmiClass N Decal : ZEmiWepGround.HMOC01_ExpMetal   None   ZDecalWeapon.HMOC01_GMMetal
ScriptLog: HitLoc=== >  -855.53,-22719.81,527.14
ScriptLog: WeaponLog=====>Now Animation Name : Map_PC04.MTE_a   Fire
ScriptLog: WeaponLog=====>Now Animation Name : Map_PC04.MTE_a   ReLoad
ScriptLog: WeaponLog=====>Emitter N WaterEmiClass N Decal : ZEmiWepGround.HMOC01_ExpMetal   None   ZDecalWeapon.HMOC01_GMMetal
ScriptLog: WeaponLog=====>Emitter N WaterEmiClass N Decal : ZEmiWepGround.HMOC01_ExpMetal   None   ZDecalWeapon.HMOC01_GMMetal
ScriptLog: HitLoc=== >  -870.10,-22702.12,528.13
ScriptLog: WeaponLog=====>Now Animation Name : Map_PC04.MTE_a   Fire
ScriptLog: WeaponLog=====>Now Animation Name : Map_PC04.MTE_a   ReLoad
ScriptLog: WeaponLog=====>Emitter N WaterEmiClass N Decal : ZEmiWepGround.HMOC01_ExpMetal   None   ZDecalWeapon.HMOC01_GMMetal
ScriptLog: WeaponLog=====>Emitter N WaterEmiClass N Decal : ZEmiWepGround.HMOC01_ExpMetal   None   ZDecalWeapon.HMOC01_GMMetal
ScriptLog: HitLoc=== >  -883.13,-22686.29,529.19
ScriptLog: WeaponLog=====>Now Animation Name : Map_PC04.MTE_a   Fire
ScriptLog: WeaponLog=====>Now Animation Name : Map_PC04.MTE_a   ReLoad
ScriptLog: WeaponLog=====>Emitter N WaterEmiClass N Decal : ZEmiWepGround.HMOC01_ExpMetal   None   ZDecalWeapon.HMOC01_GMMetal
ScriptLog: WeaponLog=====>Emitter N WaterEmiClass N Decal : ZEmiWepGround.HMOC01_ExpMetal   None   ZDecalWeapon.HMOC01_GMMetal
ScriptLog: HitLoc=== >  -898.68,-22668.48,530.38
ScriptLog: WeaponLog=====>Now Animation Name : Map_PC04.MTE_a   Fire
ScriptLog: WeaponLog=====>Emitter N WaterEmiClass N Decal : ZEmiWepGround.HMOC01_ExpMetal   None   ZDecalWeapon.HMOC01_GMMetal
ScriptLog: WeaponLog=====>Emitter N WaterEmiClass N Decal : ZEmiWepGround.HMOC01_ExpMetal   None   ZDecalWeapon.HMOC01_GMMetal
ScriptLog: WeaponLog=====>Now Animation Name : Map_PC04.MTE_a   ReLoad
ScriptLog: HitLoc=== >  -910.96,-22652.48,531.80
ScriptLog: WeaponLog=====>Emitter N WaterEmiClass N Decal : ZEmiWepGround.HMOC01_ExpMetal   None   ZDecalWeapon.HMOC01_GMMetal
ScriptLog: WeaponLog=====>Emitter N WaterEmiClass N Decal : ZEmiWepGround.HMOC01_ExpMetal   None   ZDecalWeapon.HMOC01_GMMetal
ScriptLog: HitLoc=== >  -910.96,-22652.48,531.80
ScriptLog: WeaponLog=====>Now Animation Name : Map_PC04.MTE_a   Fire
ScriptLog: WeaponLog=====>Now Animation Name : Map_PC04.MTE_a   ReLoad
ScriptLog: HitLoc=== >  -570.89,-23066.34,499.39
ScriptLog: WeaponLog=====>Now Animation Name : Map_PC04.MTE_a   Fire
ScriptLog: WeaponLog=====>Now Animation Name : Map_PC04.MTE_a   ReLoad
ScriptLog: WeaponLog=====>Emitter N WaterEmiClass N Decal : ZEmiWepGround.HMOC01_ExpMetal   None   ZDecalWeapon.HMOC01_GMMetal
ScriptLog: WeaponLog=====>Emitter N WaterEmiClass N Decal : ZEmiWepGround.HMOC01_ExpMetal   None   ZDecalWeapon.HMOC01_GMMetal
ScriptLog: HitLoc=== >  -578.25,-23056.64,498.94
ScriptLog: WeaponLog=====>Now Animation Name : Map_PC04.MTE_a   Fire
ScriptLog: WeaponLog=====>Now Animation Name : Map_PC04.MTE_a   ReLoad
ScriptLog: WeaponLog=====>Emitter N WaterEmiClass N Decal : ZEmiWepGround.HMOC01_ExpMetal   None   ZDecalWeapon.HMOC01_GMMetal
ScriptLog: WeaponLog=====>Emitter N WaterEmiClass N Decal : ZEmiWepGround.HMOC01_ExpMetal   None   ZDecalWeapon.HMOC01_GMMetal
ScriptLog: HitLoc=== >  -587.42,-23046.27,498.44
ScriptLog: WeaponLog=====>Emitter N WaterEmiClass N Decal : ZEmiWepGround.HMOC01_ExpMetal   None   ZDecalWeapon.HMOC01_GMMetal
ScriptLog: WeaponLog=====>Emitter N WaterEmiClass N Decal : ZEmiWepGround.HMOC01_ExpMetal   None   ZDecalWeapon.HMOC01_GMMetal
ScriptLog: HitLoc=== >  -587.42,-23046.27,498.44
ScriptLog: HitLoc=== >  -587.42,-23046.27,498.44
ScriptLog: WeaponLog=====>Now Animation Name : Map_PC04.MTE_a   Fire
ScriptLog: WeaponLog=====>Now Animation Name : Map_PC04.MTE_a   ReLoad
ScriptLog: HitLoc=== >  -594.97,-23037.12,498.26
ScriptLog: WeaponLog=====>Now Animation Name : Map_PC04.MTE_a   Fire
ScriptLog: WeaponLog=====>Now Animation Name : Map_PC04.MTE_a   ReLoad
ScriptLog: WeaponLog=====>Emitter N WaterEmiClass N Decal : ZEmiWepGround.HMOC01_ExpMetal   None   ZDecalWeapon.HMOC01_GMMetal
ScriptLog: WeaponLog=====>Emitter N WaterEmiClass N Decal : ZEmiWepGround.HMOC01_ExpMetal   None   ZDecalWeapon.HMOC01_GMMetal
ScriptLog: HitLoc=== >  -631.44,-23051.81,498.35
ScriptLog: WeaponLog=====>Now Animation Name : Map_PC04.MTE_a   Fire
ScriptLog: WeaponLog=====>Now Animation Name : Map_PC04.MTE_a   ReLoad
ScriptLog: WeaponLog=====>Emitter N WaterEmiClass N Decal : ZEmiWepGround.HMOC01_ExpMetal   None   ZDecalWeapon.HMOC01_GMMetal
ScriptLog: WeaponLog=====>Emitter N WaterEmiClass N Decal : ZEmiWepGround.HMOC01_ExpMetal   None   ZDecalWeapon.HMOC01_GMMetal
ScriptLog: HitLoc=== >  -639.72,-23042.53,498.17
ScriptLog: WeaponLog=====>Now Animation Name : Map_PC04.MTE_a   Fire
ScriptLog: WeaponLog=====>Now Animation Name : Map_PC04.MTE_a   ReLoad
ScriptLog: WeaponLog=====>Emitter N WaterEmiClass N Decal : ZEmiWepGround.HMOC01_ExpMetal   None   ZDecalWeapon.HMOC01_GMMetal
ScriptLog: WeaponLog=====>Emitter N WaterEmiClass N Decal : ZEmiWepGround.HMOC01_ExpMetal   None   ZDecalWeapon.HMOC01_GMMetal
ScriptLog: HitLoc=== >  -648.45,-23032.74,498.29
ScriptLog: WeaponLog=====>Now Animation Name : Map_PC04.MTE_a   Fire
ScriptLog: WeaponLog=====>Now Animation Name : Map_PC04.MTE_a   ReLoad
ScriptLog: WeaponLog=====>Emitter N WaterEmiClass N Decal : ZEmiWepGround.HMOC01_ExpMetal   None   ZDecalWeapon.HMOC01_GMMetal
ScriptLog: WeaponLog=====>Emitter N WaterEmiClass N Decal : ZEmiWepGround.HMOC01_ExpMetal   None   ZDecalWeapon.HMOC01_GMMetal
ScriptLog: HitLoc=== >  -655.03,-23025.37,499.04
ScriptLog: WeaponLog=====>Now Animation Name : Map_PC04.MTE_a   Fire
ScriptLog: WeaponLog=====>Now Animation Name : Map_PC04.MTE_a   ReLoad
ScriptLog: WeaponLog=====>Emitter N WaterEmiClass N Decal : ZEmiWepGround.HMOC01_ExpMetal   None   ZDecalWeapon.HMOC01_GMMetal
ScriptLog: WeaponLog=====>Emitter N WaterEmiClass N Decal : ZEmiWepGround.HMOC01_ExpMetal   None   ZDecalWeapon.HMOC01_GMMetal
ScriptLog: HitLoc=== >  -663.57,-23015.80,499.42
ScriptLog: WeaponLog=====>Emitter N WaterEmiClass N Decal : ZEmiWepGround.HMOC01_ExpMetal   None   ZDecalWeapon.HMOC01_GMMetal
ScriptLog: WeaponLog=====>Emitter N WaterEmiClass N Decal : ZEmiWepGround.HMOC01_ExpMetal   None   ZDecalWeapon.HMOC01_GMMetal
ScriptLog: HitLoc=== >  -663.57,-23015.80,499.42
ScriptLog: WeaponLog=====>Now Animation Name : Map_PC04.MTE_a   Fire
ScriptLog: WeaponLog=====>Emitter N WaterEmiClass N Decal : ZEmiWepGround.HMOC01_ExpMetal   None   ZDecalWeapon.HMOC01_GMMetal
ScriptLog: WeaponLog=====>Emitter N WaterEmiClass N Decal : ZEmiWepGround.HMOC01_ExpMetal   None   ZDecalWeapon.HMOC01_GMMetal
ScriptLog: Destroty Start: ZSetCorePlayercontroller
ScriptLog: AdminManager Destroy
ScriptLog: StopFeedBack Effect
ScriptLog: MyHud Destroy
ScriptLog: MyHud: ZPveSetCoreHud
ScriptLog: Pawn Destroy
ScriptLog: Pawn: SA01m 2.96,-23762.85,651.01
ScriptLog: AnnouncerQueueManager Destroy
ScriptLog: FreeMoves Destroy
ScriptLog: SaveMoves Destroy
ScriptLog: PlayerSecurity Destroy
ScriptLog: CheatManager Destroy
ScriptLog: Player Controller Destroyed Succes
Log: Closed viewport
Log: All Windows Closed
Log: appRequestExit(0)
Exit: Preparing to exit.
Log: Purging garbage
Log: GDebuggr NotifyGC
Log: DispatchDestroys
Log: Unbound to Window.dll
Log: Unbound to Core.dll
Log: Unbound to Engine.dll
Exit: Game engine shut down
Log: Unbound to WinDrv.dll
Exit: Windows client shut down
Log: Unbound to D3D9Drv.dll
Log: Unbound to XGame.dll
Log: Unbound to Editor.dll
Log: Unbound to Fire.dll
Log: Unbound to XInterface.dll
Log: Unbound to ZNetwork.dll
Log: Unbound to IpDrv.dll
Log: Unbound to ALAudio.dll
Log: Waiting for file streaming thread to finish...
Exit: OpenAL Audio subsystem shut down.
NetComeGo: Close TcpipConnection <HOST_VPN_IP>:30907 09/22/26 12:39:07
Exit: Socket shut down
Log: (Karma): Level Karma Terminated.
Log: DeleteGarbage
Log: DeleteName
Log: Garbage: objects: 64109->0; refs: 724331
Exit: Object subsystem successfully closed.
Exit: Exiting.
Log: FileManager: Reading 0 GByte 375 MByte 1009 KByte 270 Bytes from HD took 0.628997 seconds (0.547997 reading, 0.081000 seeking).
Log: FileManager: 0.145000 seconds spent with misc. duties
Uninitialized: Name subsystem shut down
Uninitialized: Memory Allocation Status
Uninitialized: Curr Memory  13.264M /  18.121M
Uninitialized: Peak Memory  268.912M /  272.074M
Uninitialized: Allocs        2453 Current /  53809933 Total
Uninitialized: Log file closed, 09/22/26 12:39:07
